[www.srigokul.com/index.html]
[backblue.gif]
[fade.gif]
[index.html]
[www.srigokul.com/img/favicon.ico]
[cdnjs.cloudflare.com/ajax/libs/font-awesome/5.10.0/css/all.min.css]
[cdn.jsdelivr.net/npm/bootstrap-icons@1.4.1/font/bootstrap-icons.css]
[www.srigokul.com/index-2.html]
[www.srigokul.com/img/SGE_logo.png]
[www.srigokul.com/about.html]
[www.srigokul.com/service.html]
[www.srigokul.com/contact.html]
[www.srigokul.com/img/iso-2001-2008.jpg]
[www.srigokul.com/img/slide-1.jpg]
[www.srigokul.com/img/slide-2.jpg]
[www.srigokul.com/img/slide-3.jpg]
[www.srigokul.com/img/about.jpg]
[www.srigokul.com/img/service-1.jpg]
[www.srigokul.com/img/service-2.jpg]
[www.srigokul.com/img/service-3.jpg]
[www.srigokul.com/img/service-4.jpg]
[www.srigokul.com/img/service-5.jpg]
[www.srigokul.com/img/service-6.jpg]
[www.srigokul.com/img/feature.jpg]
[code.jquery.com/jquery-3.4.1.min.js]
[www.srigokul.com/lib/wow/wow.min.js]
[cdn.jsdelivr.net/npm/bootstrap@5.0.0/dist/js/bootstrap.bundle.min.js]
[www.srigokul.com/lib/easing/easing.min.js]
[www.srigokul.com/lib/waypoints/waypoints.min.js]
[www.srigokul.com/lib/counterup/counterup.min.js]
[www.srigokul.com/lib/owlcarousel/owl.carousel.min.js]
[www.srigokul.com/lib/isotope/isotope.pkgd.min.js]
[www.srigokul.com/lib/lightbox/js/lightbox.min.js]
[www.srigokul.com/js/main.js]
[www.srigokul.com/index.html]
[www.srigokul.com/img/favicon.html]
[cdnjs.cloudflare.com/ajax/libs/font-awesome/5.10.0/css/all.min.css]
[cdn.jsdelivr.net/npm/bootstrap-icons@1.4.1/font/fonts/bootstrap-iconsfb95.woff2]
[cdn.jsdelivr.net/npm/bootstrap-icons@1.4.1/font/fonts/bootstrap-iconsfb95.woff]
[cdn.jsdelivr.net/npm/bootstrap-icons@1.4.1/font/bootstrap-icons.css]
[www.srigokul.com/lib/animate/animate.min.css]
[www.srigokul.com/lib/owlcarousel/assets/owl.video.play.png]
[www.srigokul.com/lib/owlcarousel/assets/owl.carousel.min.css]
[www.srigokul.com/lib/lightbox/css/lightbox.min.css]
[www.srigokul.com/css/bootstrap.min.css]
[www.srigokul.com/lib/lightbox/images/loading.gif]
[www.srigokul.com/img/carousel-1.27.delayed]
[www.srigokul.com/img/footer.jpg]
[www.srigokul.com/css/style.css]
[www.srigokul.com/index-2.html]
[www.srigokul.com/about.html]
[www.srigokul.com/service.html]
[www.srigokul.com/contact.html]
[www.srigokul.com/img/carousel-1.html]
